// Jest Snapshot v1, https://goo.gl/fbAQLP

exports[`matches snapshot 1`] = `
<div
  className="p-4"
>
  <h1
    className="font-bold text-2xl"
  >
    404
  </h1>
  <p
    className="font-normal text-md"
  >
    The page you requested could not be found.
  </p>
</div>
`;
